  Determining projects to restore...
  Restored /app/Jellyfin.Plugin.SendToKindle/Jellyfin.Plugin.SendToKindle.csproj (in 5.25 sec).
/app/Jellyfin.Plugin.SendToKindle/Api/SendToKindleController.cs(13,14): error CS1591: Missing XML comment for publicly visible type or member 'UserEmailDto' [/app/Jellyfin.Plugin.SendToKindle/Jellyfin.Plugin.SendToKindle.csproj]
/app/Jellyfin.Plugin.SendToKindle/Api/SendToKindleController.cs(15,19): error CS1591: Missing XML comment for publicly visible type or member 'UserEmailDto.Email' [/app/Jellyfin.Plugin.SendToKindle/Jellyfin.Plugin.SendToKindle.csproj]
/app/Jellyfin.Plugin.SendToKindle/Api/SendToKindleController.cs(50,39): error CS1591: Missing XML comment for publicly visible type or member 'SendToKindleController.GetUserEmail()' [/app/Jellyfin.Plugin.SendToKindle/Jellyfin.Plugin.SendToKindle.csproj]
/app/Jellyfin.Plugin.SendToKindle/Api/SendToKindleController.cs(67,25): error CS1591: Missing XML comment for publicly visible type or member 'SendToKindleController.SetUserEmail(UserEmailDto)' [/app/Jellyfin.Plugin.SendToKindle/Jellyfin.Plugin.SendToKindle.csproj]
/app/Jellyfin.Plugin.SendToKindle/Services/IKindleExtractionService.cs(19,56): error CS1573: Parameter 'userId' has no matching param tag in the XML comment for 'IKindleExtractionService.SendItemToKindleAsync(Guid, Guid, CancellationToken)' (but other parameters do) [/app/Jellyfin.Plugin.SendToKindle/Jellyfin.Plugin.SendToKindle.csproj]
/app/Jellyfin.Plugin.SendToKindle/Services/KindleExtractionService.cs(21,12): error CS1591: Missing XML comment for publicly visible type or member 'KindleExtractionService.KindleExtractionService(ILibraryManager, ISmtpDeliveryService, ILogger<KindleExtractionService>)' [/app/Jellyfin.Plugin.SendToKindle/Jellyfin.Plugin.SendToKindle.csproj]
/app/Jellyfin.Plugin.SendToKindle/Services/SmtpDeliveryService.cs(19,12): error CS1591: Missing XML comment for publicly visible type or member 'SmtpDeliveryService.SmtpDeliveryService(ILogger<SmtpDeliveryService>)' [/app/Jellyfin.Plugin.SendToKindle/Jellyfin.Plugin.SendToKindle.csproj]
/app/Jellyfin.Plugin.SendToKindle/Services/WebInjectorService.cs(20,12): error CS1591: Missing XML comment for publicly visible type or member 'WebInjectorService.WebInjectorService(IApplicationPaths, ILogger<WebInjectorService>)' [/app/Jellyfin.Plugin.SendToKindle/Jellyfin.Plugin.SendToKindle.csproj]
/app/Jellyfin.Plugin.SendToKindle/Services/WebInjectorService.cs(26,17): error CS1591: Missing XML comment for publicly visible type or member 'WebInjectorService.StartAsync(CancellationToken)' [/app/Jellyfin.Plugin.SendToKindle/Jellyfin.Plugin.SendToKindle.csproj]
/app/Jellyfin.Plugin.SendToKindle/Services/WebInjectorService.cs(111,17): error CS1591: Missing XML comment for publicly visible type or member 'WebInjectorService.StopAsync(CancellationToken)' [/app/Jellyfin.Plugin.SendToKindle/Jellyfin.Plugin.SendToKindle.csproj]
/app/Jellyfin.Plugin.SendToKindle/Api/SendToKindleController.cs(13,14): error SA1649: File name should match first type name (https://github.com/DotNetAnalyzers/StyleCopAnalyzers/blob/master/documentation/SA1649.md) [/app/Jellyfin.Plugin.SendToKindle/Jellyfin.Plugin.SendToKindle.csproj]
/app/Jellyfin.Plugin.SendToKindle/Api/SendToKindleController.cs(43,10): error SA1513: Closing brace should be followed by blank line (https://github.com/DotNetAnalyzers/StyleCopAnalyzers/blob/master/documentation/SA1513.md) [/app/Jellyfin.Plugin.SendToKindle/Jellyfin.Plugin.SendToKindle.csproj]
/app/Jellyfin.Plugin.SendToKindle/Api/SendToKindleController.cs(119,2): error SA1518: File is required to end with a single newline character (https://github.com/DotNetAnalyzers/StyleCopAnalyzers/blob/master/documentation/SA1518.md) [/app/Jellyfin.Plugin.SendToKindle/Jellyfin.Plugin.SendToKindle.csproj]
/app/Jellyfin.Plugin.SendToKindle/Api/SendToKindleController.cs(13,14): error SA1402: File may only contain a single type (https://github.com/DotNetAnalyzers/StyleCopAnalyzers/blob/master/documentation/SA1402.md) [/app/Jellyfin.Plugin.SendToKindle/Jellyfin.Plugin.SendToKindle.csproj]
/app/Jellyfin.Plugin.SendToKindle/Configuration/PluginConfiguration.cs(39,39): error CA2227: Change 'UserTargetKindleEmails' to be read-only by removing the property setter (https://learn.microsoft.com/dotnet/fundamentals/code-analysis/quality-rules/ca2227) [/app/Jellyfin.Plugin.SendToKindle/Jellyfin.Plugin.SendToKindle.csproj]
/app/Jellyfin.Plugin.SendToKindle/PluginServiceRegistrator.cs(2,1): error SA1210: Using directives should be ordered alphabetically by the namespaces (https://github.com/DotNetAnalyzers/StyleCopAnalyzers/blob/master/documentation/SA1210.md) [/app/Jellyfin.Plugin.SendToKindle/Jellyfin.Plugin.SendToKindle.csproj]
/app/Jellyfin.Plugin.SendToKindle/PluginServiceRegistrator.cs(3,1): error SA1210: Using directives should be ordered alphabetically by the namespaces (https://github.com/DotNetAnalyzers/StyleCopAnalyzers/blob/master/documentation/SA1210.md) [/app/Jellyfin.Plugin.SendToKindle/Jellyfin.Plugin.SendToKindle.csproj]
/app/Jellyfin.Plugin.SendToKindle/Services/SmtpDeliveryService.cs(6,1): error SA1210: Using directives should be ordered alphabetically by the namespaces (https://github.com/DotNetAnalyzers/StyleCopAnalyzers/blob/master/documentation/SA1210.md) [/app/Jellyfin.Plugin.SendToKindle/Jellyfin.Plugin.SendToKindle.csproj]
/app/Jellyfin.Plugin.SendToKindle/Api/SendToKindleController.cs(111,1): error SA1028: Code should not contain trailing whitespace (https://github.com/DotNetAnalyzers/StyleCopAnalyzers/blob/master/documentation/SA1028.md) [/app/Jellyfin.Plugin.SendToKindle/Jellyfin.Plugin.SendToKindle.csproj]
/app/Jellyfin.Plugin.SendToKindle/Configuration/PluginConfiguration.cs(40,2): error SA1518: File is required to end with a single newline character (https://github.com/DotNetAnalyzers/StyleCopAnalyzers/blob/master/documentation/SA1518.md) [/app/Jellyfin.Plugin.SendToKindle/Jellyfin.Plugin.SendToKindle.csproj]
/app/Jellyfin.Plugin.SendToKindle/Plugin.cs(53,2): error SA1518: File is required to end with a single newline character (https://github.com/DotNetAnalyzers/StyleCopAnalyzers/blob/master/documentation/SA1518.md) [/app/Jellyfin.Plugin.SendToKindle/Jellyfin.Plugin.SendToKindle.csproj]
/app/Jellyfin.Plugin.SendToKindle/PluginServiceRegistrator.cs(20,2): error SA1518: File is required to end with a single newline character (https://github.com/DotNetAnalyzers/StyleCopAnalyzers/blob/master/documentation/SA1518.md) [/app/Jellyfin.Plugin.SendToKindle/Jellyfin.Plugin.SendToKindle.csproj]
/app/Jellyfin.Plugin.SendToKindle/Services/IKindleExtractionService.cs(20,2): error SA1518: File is required to end with a single newline character (https://github.com/DotNetAnalyzers/StyleCopAnalyzers/blob/master/documentation/SA1518.md) [/app/Jellyfin.Plugin.SendToKindle/Jellyfin.Plugin.SendToKindle.csproj]
/app/Jellyfin.Plugin.SendToKindle/Services/ISmtpDeliveryService.cs(20,2): error SA1518: File is required to end with a single newline character (https://github.com/DotNetAnalyzers/StyleCopAnalyzers/blob/master/documentation/SA1518.md) [/app/Jellyfin.Plugin.SendToKindle/Jellyfin.Plugin.SendToKindle.csproj]
/app/Jellyfin.Plugin.SendToKindle/Services/KindleExtractionService.cs(85,14): error SA1513: Closing brace should be followed by blank line (https://github.com/DotNetAnalyzers/StyleCopAnalyzers/blob/master/documentation/SA1513.md) [/app/Jellyfin.Plugin.SendToKindle/Jellyfin.Plugin.SendToKindle.csproj]
/app/Jellyfin.Plugin.SendToKindle/Services/KindleExtractionService.cs(103,2): error SA1518: File is required to end with a single newline character (https://github.com/DotNetAnalyzers/StyleCopAnalyzers/blob/master/documentation/SA1518.md) [/app/Jellyfin.Plugin.SendToKindle/Jellyfin.Plugin.SendToKindle.csproj]
/app/Jellyfin.Plugin.SendToKindle/Services/SmtpDeliveryService.cs(90,2): error SA1518: File is required to end with a single newline character (https://github.com/DotNetAnalyzers/StyleCopAnalyzers/blob/master/documentation/SA1518.md) [/app/Jellyfin.Plugin.SendToKindle/Jellyfin.Plugin.SendToKindle.csproj]
/app/Jellyfin.Plugin.SendToKindle/Services/SmtpDeliveryService.cs(34,60): error SA1028: Code should not contain trailing whitespace (https://github.com/DotNetAnalyzers/StyleCopAnalyzers/blob/master/documentation/SA1028.md) [/app/Jellyfin.Plugin.SendToKindle/Jellyfin.Plugin.SendToKindle.csproj]
/app/Jellyfin.Plugin.SendToKindle/Services/SmtpDeliveryService.cs(35,62): error SA1028: Code should not contain trailing whitespace (https://github.com/DotNetAnalyzers/StyleCopAnalyzers/blob/master/documentation/SA1028.md) [/app/Jellyfin.Plugin.SendToKindle/Jellyfin.Plugin.SendToKindle.csproj]
/app/Jellyfin.Plugin.SendToKindle/Services/SmtpDeliveryService.cs(36,62): error SA1028: Code should not contain trailing whitespace (https://github.com/DotNetAnalyzers/StyleCopAnalyzers/blob/master/documentation/SA1028.md) [/app/Jellyfin.Plugin.SendToKindle/Jellyfin.Plugin.SendToKindle.csproj]
/app/Jellyfin.Plugin.SendToKindle/Services/SmtpDeliveryService.cs(68,1): error SA1028: Code should not contain trailing whitespace (https://github.com/DotNetAnalyzers/StyleCopAnalyzers/blob/master/documentation/SA1028.md) [/app/Jellyfin.Plugin.SendToKindle/Jellyfin.Plugin.SendToKindle.csproj]
/app/Jellyfin.Plugin.SendToKindle/Services/WebInjectorService.cs(115,2): error SA1518: File is required to end with a single newline character (https://github.com/DotNetAnalyzers/StyleCopAnalyzers/blob/master/documentation/SA1518.md) [/app/Jellyfin.Plugin.SendToKindle/Jellyfin.Plugin.SendToKindle.csproj]
/app/Jellyfin.Plugin.SendToKindle/Services/IKindleExtractionService.cs(19,56): error SA1611: The documentation for parameter 'userId' is missing (https://github.com/DotNetAnalyzers/StyleCopAnalyzers/blob/master/documentation/SA1611.md) [/app/Jellyfin.Plugin.SendToKindle/Jellyfin.Plugin.SendToKindle.csproj]
/app/Jellyfin.Plugin.SendToKindle/Services/IKindleExtractionService.cs(17,22): error SA1612: The parameter documentation for 'cancellationToken' should be at position 3 (https://github.com/DotNetAnalyzers/StyleCopAnalyzers/blob/master/documentation/SA1612.md) [/app/Jellyfin.Plugin.SendToKindle/Jellyfin.Plugin.SendToKindle.csproj]
/app/Jellyfin.Plugin.SendToKindle/Services/WebInjectorService.cs(68,1): error SA1028: Code should not contain trailing whitespace (https://github.com/DotNetAnalyzers/StyleCopAnalyzers/blob/master/documentation/SA1028.md) [/app/Jellyfin.Plugin.SendToKindle/Jellyfin.Plugin.SendToKindle.csproj]
/app/Jellyfin.Plugin.SendToKindle/Api/SendToKindleController.cs(53,29): error SA1503: Braces should not be omitted (https://github.com/DotNetAnalyzers/StyleCopAnalyzers/blob/master/documentation/SA1503.md) [/app/Jellyfin.Plugin.SendToKindle/Jellyfin.Plugin.SendToKindle.csproj]
/app/Jellyfin.Plugin.SendToKindle/Api/SendToKindleController.cs(70,29): error SA1503: Braces should not be omitted (https://github.com/DotNetAnalyzers/StyleCopAnalyzers/blob/master/documentation/SA1503.md) [/app/Jellyfin.Plugin.SendToKindle/Jellyfin.Plugin.SendToKindle.csproj]
/app/Jellyfin.Plugin.SendToKindle/Services/KindleExtractionService.cs(96,27): error SA1503: Braces should not be omitted (https://github.com/DotNetAnalyzers/StyleCopAnalyzers/blob/master/documentation/SA1503.md) [/app/Jellyfin.Plugin.SendToKindle/Jellyfin.Plugin.SendToKindle.csproj]
/app/Jellyfin.Plugin.SendToKindle/Services/KindleExtractionService.cs(99,27): error SA1503: Braces should not be omitted (https://github.com/DotNetAnalyzers/StyleCopAnalyzers/blob/master/documentation/SA1503.md) [/app/Jellyfin.Plugin.SendToKindle/Jellyfin.Plugin.SendToKindle.csproj]
/app/Jellyfin.Plugin.SendToKindle/Api/SendToKindleController.cs(94,29): error SA1503: Braces should not be omitted (https://github.com/DotNetAnalyzers/StyleCopAnalyzers/blob/master/documentation/SA1503.md) [/app/Jellyfin.Plugin.SendToKindle/Jellyfin.Plugin.SendToKindle.csproj]
/app/Jellyfin.Plugin.SendToKindle/Api/SendToKindleController.cs(97,29): error SA1503: Braces should not be omitted (https://github.com/DotNetAnalyzers/StyleCopAnalyzers/blob/master/documentation/SA1503.md) [/app/Jellyfin.Plugin.SendToKindle/Jellyfin.Plugin.SendToKindle.csproj]
/app/Jellyfin.Plugin.SendToKindle/Services/SmtpDeliveryService.cs(64,13): error CA2016: Forward the 'cancellationToken' parameter to the 'Add' method or pass in 'CancellationToken.None' explicitly to indicate intentionally not propagating the token (https://learn.microsoft.com/dotnet/fundamentals/code-analysis/quality-rules/ca2016) [/app/Jellyfin.Plugin.SendToKindle/Jellyfin.Plugin.SendToKindle.csproj]
/app/Jellyfin.Plugin.SendToKindle/Plugin.cs(49,40): error CA1305: The behavior of 'string.Format(string, object)' could vary based on the current user's locale settings. Replace this call in 'Plugin.GetPages()' with a call to 'string.Format(IFormatProvider, string, params object[])'. (https://learn.microsoft.com/dotnet/fundamentals/code-analysis/quality-rules/ca1305) [/app/Jellyfin.Plugin.SendToKindle/Jellyfin.Plugin.SendToKindle.csproj]
/app/Jellyfin.Plugin.SendToKindle/Services/WebInjectorService.cs(78,31): error CA1307: 'string.Replace(string, string?)' has a method overload that takes a 'StringComparison' parameter. Replace this call in 'Jellyfin.Plugin.SendToKindle.Services.WebInjectorService.StartAsync(System.Threading.CancellationToken)' with a call to 'string.Replace(string, string?, System.StringComparison)' for clarity of intent. (https://learn.microsoft.com/dotnet/fundamentals/code-analysis/quality-rules/ca1307) [/app/Jellyfin.Plugin.SendToKindle/Jellyfin.Plugin.SendToKindle.csproj]
/app/Jellyfin.Plugin.SendToKindle/Services/WebInjectorService.cs(85,27): error CA1307: 'string.Replace(string, string?)' has a method overload that takes a 'StringComparison' parameter. Replace this call in 'Jellyfin.Plugin.SendToKindle.Services.WebInjectorService.StartAsync(System.Threading.CancellationToken)' with a call to 'string.Replace(string, string?, System.StringComparison)' for clarity of intent. (https://learn.microsoft.com/dotnet/fundamentals/code-analysis/quality-rules/ca1307) [/app/Jellyfin.Plugin.SendToKindle/Jellyfin.Plugin.SendToKindle.csproj]
/app/Jellyfin.Plugin.SendToKindle/Services/SmtpDeliveryService.cs(64,13): error CA1849: 'AttachmentCollection.Add(string, CancellationToken)' synchronously blocks. Await 'AttachmentCollection.AddAsync(string, CancellationToken)' instead. (https://learn.microsoft.com/dotnet/fundamentals/code-analysis/quality-rules/ca1849) [/app/Jellyfin.Plugin.SendToKindle/Jellyfin.Plugin.SendToKindle.csproj]
/app/Jellyfin.Plugin.SendToKindle/Services/WebInjectorService.cs(58,30): error CA1849: 'File.ReadAllText(string)' synchronously blocks. Await 'File.ReadAllTextAsync(string, CancellationToken)' instead. (https://learn.microsoft.com/dotnet/fundamentals/code-analysis/quality-rules/ca1849) [/app/Jellyfin.Plugin.SendToKindle/Jellyfin.Plugin.SendToKindle.csproj]
/app/Jellyfin.Plugin.SendToKindle/Services/WebInjectorService.cs(91,17): error CA1849: 'File.WriteAllText(string, string?)' synchronously blocks. Await 'File.WriteAllTextAsync(string, string?, CancellationToken)' instead. (https://learn.microsoft.com/dotnet/fundamentals/code-analysis/quality-rules/ca1849) [/app/Jellyfin.Plugin.SendToKindle/Jellyfin.Plugin.SendToKindle.csproj]

Build FAILED.

/app/Jellyfin.Plugin.SendToKindle/Api/SendToKindleController.cs(13,14): error CS1591: Missing XML comment for publicly visible type or member 'UserEmailDto' [/app/Jellyfin.Plugin.SendToKindle/Jellyfin.Plugin.SendToKindle.csproj]
/app/Jellyfin.Plugin.SendToKindle/Api/SendToKindleController.cs(15,19): error CS1591: Missing XML comment for publicly visible type or member 'UserEmailDto.Email' [/app/Jellyfin.Plugin.SendToKindle/Jellyfin.Plugin.SendToKindle.csproj]
/app/Jellyfin.Plugin.SendToKindle/Api/SendToKindleController.cs(50,39): error CS1591: Missing XML comment for publicly visible type or member 'SendToKindleController.GetUserEmail()' [/app/Jellyfin.Plugin.SendToKindle/Jellyfin.Plugin.SendToKindle.csproj]
/app/Jellyfin.Plugin.SendToKindle/Api/SendToKindleController.cs(67,25): error CS1591: Missing XML comment for publicly visible type or member 'SendToKindleController.SetUserEmail(UserEmailDto)' [/app/Jellyfin.Plugin.SendToKindle/Jellyfin.Plugin.SendToKindle.csproj]
/app/Jellyfin.Plugin.SendToKindle/Services/IKindleExtractionService.cs(19,56): error CS1573: Parameter 'userId' has no matching param tag in the XML comment for 'IKindleExtractionService.SendItemToKindleAsync(Guid, Guid, CancellationToken)' (but other parameters do) [/app/Jellyfin.Plugin.SendToKindle/Jellyfin.Plugin.SendToKindle.csproj]
/app/Jellyfin.Plugin.SendToKindle/Services/KindleExtractionService.cs(21,12): error CS1591: Missing XML comment for publicly visible type or member 'KindleExtractionService.KindleExtractionService(ILibraryManager, ISmtpDeliveryService, ILogger<KindleExtractionService>)' [/app/Jellyfin.Plugin.SendToKindle/Jellyfin.Plugin.SendToKindle.csproj]
/app/Jellyfin.Plugin.SendToKindle/Services/SmtpDeliveryService.cs(19,12): error CS1591: Missing XML comment for publicly visible type or member 'SmtpDeliveryService.SmtpDeliveryService(ILogger<SmtpDeliveryService>)' [/app/Jellyfin.Plugin.SendToKindle/Jellyfin.Plugin.SendToKindle.csproj]
/app/Jellyfin.Plugin.SendToKindle/Services/WebInjectorService.cs(20,12): error CS1591: Missing XML comment for publicly visible type or member 'WebInjectorService.WebInjectorService(IApplicationPaths, ILogger<WebInjectorService>)' [/app/Jellyfin.Plugin.SendToKindle/Jellyfin.Plugin.SendToKindle.csproj]
/app/Jellyfin.Plugin.SendToKindle/Services/WebInjectorService.cs(26,17): error CS1591: Missing XML comment for publicly visible type or member 'WebInjectorService.StartAsync(CancellationToken)' [/app/Jellyfin.Plugin.SendToKindle/Jellyfin.Plugin.SendToKindle.csproj]
/app/Jellyfin.Plugin.SendToKindle/Services/WebInjectorService.cs(111,17): error CS1591: Missing XML comment for publicly visible type or member 'WebInjectorService.StopAsync(CancellationToken)' [/app/Jellyfin.Plugin.SendToKindle/Jellyfin.Plugin.SendToKindle.csproj]
/app/Jellyfin.Plugin.SendToKindle/Api/SendToKindleController.cs(13,14): error SA1649: File name should match first type name (https://github.com/DotNetAnalyzers/StyleCopAnalyzers/blob/master/documentation/SA1649.md) [/app/Jellyfin.Plugin.SendToKindle/Jellyfin.Plugin.SendToKindle.csproj]
/app/Jellyfin.Plugin.SendToKindle/Api/SendToKindleController.cs(43,10): error SA1513: Closing brace should be followed by blank line (https://github.com/DotNetAnalyzers/StyleCopAnalyzers/blob/master/documentation/SA1513.md) [/app/Jellyfin.Plugin.SendToKindle/Jellyfin.Plugin.SendToKindle.csproj]
/app/Jellyfin.Plugin.SendToKindle/Api/SendToKindleController.cs(119,2): error SA1518: File is required to end with a single newline character (https://github.com/DotNetAnalyzers/StyleCopAnalyzers/blob/master/documentation/SA1518.md) [/app/Jellyfin.Plugin.SendToKindle/Jellyfin.Plugin.SendToKindle.csproj]
/app/Jellyfin.Plugin.SendToKindle/Api/SendToKindleController.cs(13,14): error SA1402: File may only contain a single type (https://github.com/DotNetAnalyzers/StyleCopAnalyzers/blob/master/documentation/SA1402.md) [/app/Jellyfin.Plugin.SendToKindle/Jellyfin.Plugin.SendToKindle.csproj]
/app/Jellyfin.Plugin.SendToKindle/Configuration/PluginConfiguration.cs(39,39): error CA2227: Change 'UserTargetKindleEmails' to be read-only by removing the property setter (https://learn.microsoft.com/dotnet/fundamentals/code-analysis/quality-rules/ca2227) [/app/Jellyfin.Plugin.SendToKindle/Jellyfin.Plugin.SendToKindle.csproj]
/app/Jellyfin.Plugin.SendToKindle/PluginServiceRegistrator.cs(2,1): error SA1210: Using directives should be ordered alphabetically by the namespaces (https://github.com/DotNetAnalyzers/StyleCopAnalyzers/blob/master/documentation/SA1210.md) [/app/Jellyfin.Plugin.SendToKindle/Jellyfin.Plugin.SendToKindle.csproj]
/app/Jellyfin.Plugin.SendToKindle/PluginServiceRegistrator.cs(3,1): error SA1210: Using directives should be ordered alphabetically by the namespaces (https://github.com/DotNetAnalyzers/StyleCopAnalyzers/blob/master/documentation/SA1210.md) [/app/Jellyfin.Plugin.SendToKindle/Jellyfin.Plugin.SendToKindle.csproj]
/app/Jellyfin.Plugin.SendToKindle/Services/SmtpDeliveryService.cs(6,1): error SA1210: Using directives should be ordered alphabetically by the namespaces (https://github.com/DotNetAnalyzers/StyleCopAnalyzers/blob/master/documentation/SA1210.md) [/app/Jellyfin.Plugin.SendToKindle/Jellyfin.Plugin.SendToKindle.csproj]
/app/Jellyfin.Plugin.SendToKindle/Api/SendToKindleController.cs(111,1): error SA1028: Code should not contain trailing whitespace (https://github.com/DotNetAnalyzers/StyleCopAnalyzers/blob/master/documentation/SA1028.md) [/app/Jellyfin.Plugin.SendToKindle/Jellyfin.Plugin.SendToKindle.csproj]
/app/Jellyfin.Plugin.SendToKindle/Configuration/PluginConfiguration.cs(40,2): error SA1518: File is required to end with a single newline character (https://github.com/DotNetAnalyzers/StyleCopAnalyzers/blob/master/documentation/SA1518.md) [/app/Jellyfin.Plugin.SendToKindle/Jellyfin.Plugin.SendToKindle.csproj]
/app/Jellyfin.Plugin.SendToKindle/Plugin.cs(53,2): error SA1518: File is required to end with a single newline character (https://github.com/DotNetAnalyzers/StyleCopAnalyzers/blob/master/documentation/SA1518.md) [/app/Jellyfin.Plugin.SendToKindle/Jellyfin.Plugin.SendToKindle.csproj]
/app/Jellyfin.Plugin.SendToKindle/PluginServiceRegistrator.cs(20,2): error SA1518: File is required to end with a single newline character (https://github.com/DotNetAnalyzers/StyleCopAnalyzers/blob/master/documentation/SA1518.md) [/app/Jellyfin.Plugin.SendToKindle/Jellyfin.Plugin.SendToKindle.csproj]
/app/Jellyfin.Plugin.SendToKindle/Services/IKindleExtractionService.cs(20,2): error SA1518: File is required to end with a single newline character (https://github.com/DotNetAnalyzers/StyleCopAnalyzers/blob/master/documentation/SA1518.md) [/app/Jellyfin.Plugin.SendToKindle/Jellyfin.Plugin.SendToKindle.csproj]
/app/Jellyfin.Plugin.SendToKindle/Services/ISmtpDeliveryService.cs(20,2): error SA1518: File is required to end with a single newline character (https://github.com/DotNetAnalyzers/StyleCopAnalyzers/blob/master/documentation/SA1518.md) [/app/Jellyfin.Plugin.SendToKindle/Jellyfin.Plugin.SendToKindle.csproj]
/app/Jellyfin.Plugin.SendToKindle/Services/KindleExtractionService.cs(85,14): error SA1513: Closing brace should be followed by blank line (https://github.com/DotNetAnalyzers/StyleCopAnalyzers/blob/master/documentation/SA1513.md) [/app/Jellyfin.Plugin.SendToKindle/Jellyfin.Plugin.SendToKindle.csproj]
/app/Jellyfin.Plugin.SendToKindle/Services/KindleExtractionService.cs(103,2): error SA1518: File is required to end with a single newline character (https://github.com/DotNetAnalyzers/StyleCopAnalyzers/blob/master/documentation/SA1518.md) [/app/Jellyfin.Plugin.SendToKindle/Jellyfin.Plugin.SendToKindle.csproj]
/app/Jellyfin.Plugin.SendToKindle/Services/SmtpDeliveryService.cs(90,2): error SA1518: File is required to end with a single newline character (https://github.com/DotNetAnalyzers/StyleCopAnalyzers/blob/master/documentation/SA1518.md) [/app/Jellyfin.Plugin.SendToKindle/Jellyfin.Plugin.SendToKindle.csproj]
/app/Jellyfin.Plugin.SendToKindle/Services/SmtpDeliveryService.cs(34,60): error SA1028: Code should not contain trailing whitespace (https://github.com/DotNetAnalyzers/StyleCopAnalyzers/blob/master/documentation/SA1028.md) [/app/Jellyfin.Plugin.SendToKindle/Jellyfin.Plugin.SendToKindle.csproj]
/app/Jellyfin.Plugin.SendToKindle/Services/SmtpDeliveryService.cs(35,62): error SA1028: Code should not contain trailing whitespace (https://github.com/DotNetAnalyzers/StyleCopAnalyzers/blob/master/documentation/SA1028.md) [/app/Jellyfin.Plugin.SendToKindle/Jellyfin.Plugin.SendToKindle.csproj]
/app/Jellyfin.Plugin.SendToKindle/Services/SmtpDeliveryService.cs(36,62): error SA1028: Code should not contain trailing whitespace (https://github.com/DotNetAnalyzers/StyleCopAnalyzers/blob/master/documentation/SA1028.md) [/app/Jellyfin.Plugin.SendToKindle/Jellyfin.Plugin.SendToKindle.csproj]
/app/Jellyfin.Plugin.SendToKindle/Services/SmtpDeliveryService.cs(68,1): error SA1028: Code should not contain trailing whitespace (https://github.com/DotNetAnalyzers/StyleCopAnalyzers/blob/master/documentation/SA1028.md) [/app/Jellyfin.Plugin.SendToKindle/Jellyfin.Plugin.SendToKindle.csproj]
/app/Jellyfin.Plugin.SendToKindle/Services/WebInjectorService.cs(115,2): error SA1518: File is required to end with a single newline character (https://github.com/DotNetAnalyzers/StyleCopAnalyzers/blob/master/documentation/SA1518.md) [/app/Jellyfin.Plugin.SendToKindle/Jellyfin.Plugin.SendToKindle.csproj]
/app/Jellyfin.Plugin.SendToKindle/Services/IKindleExtractionService.cs(19,56): error SA1611: The documentation for parameter 'userId' is missing (https://github.com/DotNetAnalyzers/StyleCopAnalyzers/blob/master/documentation/SA1611.md) [/app/Jellyfin.Plugin.SendToKindle/Jellyfin.Plugin.SendToKindle.csproj]
/app/Jellyfin.Plugin.SendToKindle/Services/IKindleExtractionService.cs(17,22): error SA1612: The parameter documentation for 'cancellationToken' should be at position 3 (https://github.com/DotNetAnalyzers/StyleCopAnalyzers/blob/master/documentation/SA1612.md) [/app/Jellyfin.Plugin.SendToKindle/Jellyfin.Plugin.SendToKindle.csproj]
/app/Jellyfin.Plugin.SendToKindle/Services/WebInjectorService.cs(68,1): error SA1028: Code should not contain trailing whitespace (https://github.com/DotNetAnalyzers/StyleCopAnalyzers/blob/master/documentation/SA1028.md) [/app/Jellyfin.Plugin.SendToKindle/Jellyfin.Plugin.SendToKindle.csproj]
/app/Jellyfin.Plugin.SendToKindle/Api/SendToKindleController.cs(53,29): error SA1503: Braces should not be omitted (https://github.com/DotNetAnalyzers/StyleCopAnalyzers/blob/master/documentation/SA1503.md) [/app/Jellyfin.Plugin.SendToKindle/Jellyfin.Plugin.SendToKindle.csproj]
/app/Jellyfin.Plugin.SendToKindle/Api/SendToKindleController.cs(70,29): error SA1503: Braces should not be omitted (https://github.com/DotNetAnalyzers/StyleCopAnalyzers/blob/master/documentation/SA1503.md) [/app/Jellyfin.Plugin.SendToKindle/Jellyfin.Plugin.SendToKindle.csproj]
/app/Jellyfin.Plugin.SendToKindle/Services/KindleExtractionService.cs(96,27): error SA1503: Braces should not be omitted (https://github.com/DotNetAnalyzers/StyleCopAnalyzers/blob/master/documentation/SA1503.md) [/app/Jellyfin.Plugin.SendToKindle/Jellyfin.Plugin.SendToKindle.csproj]
/app/Jellyfin.Plugin.SendToKindle/Services/KindleExtractionService.cs(99,27): error SA1503: Braces should not be omitted (https://github.com/DotNetAnalyzers/StyleCopAnalyzers/blob/master/documentation/SA1503.md) [/app/Jellyfin.Plugin.SendToKindle/Jellyfin.Plugin.SendToKindle.csproj]
/app/Jellyfin.Plugin.SendToKindle/Api/SendToKindleController.cs(94,29): error SA1503: Braces should not be omitted (https://github.com/DotNetAnalyzers/StyleCopAnalyzers/blob/master/documentation/SA1503.md) [/app/Jellyfin.Plugin.SendToKindle/Jellyfin.Plugin.SendToKindle.csproj]
/app/Jellyfin.Plugin.SendToKindle/Api/SendToKindleController.cs(97,29): error SA1503: Braces should not be omitted (https://github.com/DotNetAnalyzers/StyleCopAnalyzers/blob/master/documentation/SA1503.md) [/app/Jellyfin.Plugin.SendToKindle/Jellyfin.Plugin.SendToKindle.csproj]
/app/Jellyfin.Plugin.SendToKindle/Services/SmtpDeliveryService.cs(64,13): error CA2016: Forward the 'cancellationToken' parameter to the 'Add' method or pass in 'CancellationToken.None' explicitly to indicate intentionally not propagating the token (https://learn.microsoft.com/dotnet/fundamentals/code-analysis/quality-rules/ca2016) [/app/Jellyfin.Plugin.SendToKindle/Jellyfin.Plugin.SendToKindle.csproj]
/app/Jellyfin.Plugin.SendToKindle/Plugin.cs(49,40): error CA1305: The behavior of 'string.Format(string, object)' could vary based on the current user's locale settings. Replace this call in 'Plugin.GetPages()' with a call to 'string.Format(IFormatProvider, string, params object[])'. (https://learn.microsoft.com/dotnet/fundamentals/code-analysis/quality-rules/ca1305) [/app/Jellyfin.Plugin.SendToKindle/Jellyfin.Plugin.SendToKindle.csproj]
/app/Jellyfin.Plugin.SendToKindle/Services/WebInjectorService.cs(78,31): error CA1307: 'string.Replace(string, string?)' has a method overload that takes a 'StringComparison' parameter. Replace this call in 'Jellyfin.Plugin.SendToKindle.Services.WebInjectorService.StartAsync(System.Threading.CancellationToken)' with a call to 'string.Replace(string, string?, System.StringComparison)' for clarity of intent. (https://learn.microsoft.com/dotnet/fundamentals/code-analysis/quality-rules/ca1307) [/app/Jellyfin.Plugin.SendToKindle/Jellyfin.Plugin.SendToKindle.csproj]
/app/Jellyfin.Plugin.SendToKindle/Services/WebInjectorService.cs(85,27): error CA1307: 'string.Replace(string, string?)' has a method overload that takes a 'StringComparison' parameter. Replace this call in 'Jellyfin.Plugin.SendToKindle.Services.WebInjectorService.StartAsync(System.Threading.CancellationToken)' with a call to 'string.Replace(string, string?, System.StringComparison)' for clarity of intent. (https://learn.microsoft.com/dotnet/fundamentals/code-analysis/quality-rules/ca1307) [/app/Jellyfin.Plugin.SendToKindle/Jellyfin.Plugin.SendToKindle.csproj]
/app/Jellyfin.Plugin.SendToKindle/Services/SmtpDeliveryService.cs(64,13): error CA1849: 'AttachmentCollection.Add(string, CancellationToken)' synchronously blocks. Await 'AttachmentCollection.AddAsync(string, CancellationToken)' instead. (https://learn.microsoft.com/dotnet/fundamentals/code-analysis/quality-rules/ca1849) [/app/Jellyfin.Plugin.SendToKindle/Jellyfin.Plugin.SendToKindle.csproj]
/app/Jellyfin.Plugin.SendToKindle/Services/WebInjectorService.cs(58,30): error CA1849: 'File.ReadAllText(string)' synchronously blocks. Await 'File.ReadAllTextAsync(string, CancellationToken)' instead. (https://learn.microsoft.com/dotnet/fundamentals/code-analysis/quality-rules/ca1849) [/app/Jellyfin.Plugin.SendToKindle/Jellyfin.Plugin.SendToKindle.csproj]
/app/Jellyfin.Plugin.SendToKindle/Services/WebInjectorService.cs(91,17): error CA1849: 'File.WriteAllText(string, string?)' synchronously blocks. Await 'File.WriteAllTextAsync(string, string?, CancellationToken)' instead. (https://learn.microsoft.com/dotnet/fundamentals/code-analysis/quality-rules/ca1849) [/app/Jellyfin.Plugin.SendToKindle/Jellyfin.Plugin.SendToKindle.csproj]
    0 Warning(s)
    48 Error(s)

Time Elapsed 00:00:09.28
